// Jest Snapshot v1, https://goo.gl/fbAQLP

exports[`Email with custom header link it checks snapshot with custom link url and text 1`] = `
<table
  align="center"
  border="0"
  cellPadding={0}
  cellSpacing={0}
  className="header"
  style={
    Object {
      "backgroundColor": "#F7F7F7",
    }
  }
  valign="top"
  width="100%"
>
  <tbody>
    <tr>
      <td
        align="center"
      >
        <table
          align="center"
          cellSpacing={0}
          style={
            Object {
              "maxWidth": "584px",
              "padding": "15px",
            }
          }
        >
          <tr
            align="left"
          >
            <td
              width="292px"
            >
              <img
                alt="logo"
                height={47}
                src="https://assets.prolaera.com/prolaeraLogo_fullText.png"
                style={
                  Object {
                    "border": "none",
                    "display": "block",
                    "outline": "none",
                    "textDecoration": "none",
                  }
                }
                width={200}
              />
            </td>
            <td
              style={
                Object {
                  "textAlign": "center",
                }
              }
              width="252px"
            >
              <a
                href="https://www.google.com/"
              >
                 
                View My Compliance
                 → 
              </a>
            </td>
          </tr>
        </table>
      </td>
    </tr>
  </tbody>
</table>
`;

exports[`Email with custom header link it renders and matches previous snapshot 1`] = `
<table
  align="center"
  border="0"
  cellPadding={0}
  cellSpacing={0}
  className="header"
  style={
    Object {
      "backgroundColor": "#F7F7F7",
    }
  }
  valign="top"
  width="100%"
>
  <tbody>
    <tr>
      <td
        align="center"
      >
        <table
          align="center"
          cellSpacing={0}
          style={
            Object {
              "maxWidth": "584px",
              "padding": "15px",
            }
          }
        >
          <tr
            align="left"
          >
            <td
              width="292px"
            >
              <img
                alt="logo"
                height={47}
                src="https://assets.prolaera.com/prolaeraLogo_fullText.png"
                style={
                  Object {
                    "border": "none",
                    "display": "block",
                    "outline": "none",
                    "textDecoration": "none",
                  }
                }
                width={200}
              />
            </td>
            <td
              style={
                Object {
                  "textAlign": "center",
                }
              }
              width="252px"
            >
              <a
                href="https://www.google.com/"
              >
                 
                View My Compliance
                 → 
              </a>
            </td>
          </tr>
        </table>
      </td>
    </tr>
  </tbody>
</table>
`;
